use crate :: enums :: advanced_invoice_schedule_schedule_type :: * ; mod advanced_invoice_schedule_fixed_interval_schedule ; use advanced_invoice_schedule_fixed_interval_schedule :: * ; mod advanced_invoice_schedule_specific_dates_schedule ; use advanced_invoice_schedule_specific_dates_schedule :: * ; # [derive (Default , Debug , Clone , Serialize , Deserialize , Validate)] # [serde (rename_all = "snake_case")] pub struct AdvancedInvoiceSchedule { # [validate (max_length = 40)] pub id : String , # [validate] pub schedule_type : Option < AdvancedInvoiceScheduleScheduleType > , # [validate] pub fixed_interval_schedule : Option < AdvancedInvoiceScheduleFixedIntervalSchedule > , # [validate] pub specific_dates_schedule : Option < AdvancedInvoiceScheduleSpecificDatesSchedule > } impl AdvancedInvoiceSchedule { }