use crate :: enums :: business_entity_transfer_resource_type :: * ; use crate :: enums :: business_entity_transfer_reason_code :: * ; # [derive (Default , Debug , Clone , Serialize , Deserialize , Validate)] # [serde (rename_all = "snake_case")] pub struct BusinessEntityTransfer { # [validate (max_length = 50)] pub id : String , # [validate] pub resource_type : BusinessEntityTransferResourceType , # [validate (max_length = 50)] pub resource_id : String , # [validate (max_length = 50)] pub active_resource_id : String , # [validate (max_length = 50)] pub destination_business_entity_id : String , # [validate (max_length = 50)] pub source_business_entity_id : String , # [validate] pub reason_code : BusinessEntityTransferReasonCode , pub created_at : u64 } impl BusinessEntityTransfer { }