use crate :: enums :: coupon_code_status :: * ; # [derive (Default , Debug , Clone , Serialize , Deserialize , Validate)] # [serde (rename_all = "snake_case")] pub struct CouponCode { # [validate (max_length = 50)] pub code : String , # [validate] # [serde (default = "CouponCode::default_status")] pub status : CouponCodeStatus , # [validate (max_length = 100)] pub coupon_id : String , # [validate (max_length = 50)] pub coupon_set_id : String , # [validate (max_length = 50)] pub coupon_set_name : String } impl CouponCode { fn default_status () -> CouponCodeStatus { CouponCodeStatus :: NotRedeemed } }