use crate :: enums :: feature_status :: * ; use crate :: enums :: feature_type :: * ; mod feature_level ; use feature_level :: * ; # [derive (Default , Debug , Clone , Serialize , Deserialize , Validate)] # [serde (rename_all = "snake_case")] pub struct Feature { # [validate (max_length = 50)] pub id : String , # [validate (max_length = 50)] pub name : String , # [validate (max_length = 500)] pub description : Option < String > , # [validate] pub status : Option < FeatureStatus > , # [validate] pub r#type : Option < FeatureType > , # [validate (max_length = 50)] pub unit : Option < String > , pub resource_version : Option < i64 > , pub updated_at : Option < u64 > , pub created_at : u64 , # [validate] pub levels : Vec < FeatureLevel > } impl Feature { }