use crate :: enums :: gift_status :: * ; mod gifter ; use gifter :: * ; mod gift_receiver ; use gift_receiver :: * ; mod gift_timeline ; use gift_timeline :: * ; # [derive (Default , Debug , Clone , Serialize , Deserialize , Validate)] # [serde (rename_all = "snake_case")] pub struct Gift { # [validate (max_length = 150)] pub id : String , # [validate] pub status : GiftStatus , pub scheduled_at : Option < u64 > , pub auto_claim : bool , pub no_expiry : bool , pub claim_expiry_date : Option < u64 > , pub resource_version : Option < i64 > , pub updated_at : Option < u64 > , # [validate] pub gifter : Gifter , # [validate] pub gift_receiver : GiftReceiver , # [validate] pub gift_timelines : Vec < GiftTimeline > } impl Gift { }