use crate :: enums :: payment_reference_number_type :: * ; # [derive (Default , Debug , Clone , Serialize , Deserialize , Validate)] # [serde (rename_all = "snake_case")] pub struct PaymentReferenceNumber { # [validate (max_length = 40)] pub id : String , # [validate] pub r#type : PaymentReferenceNumberType , # [validate (max_length = 100)] pub number : String , # [validate (max_length = 50)] pub invoice_id : Option < String > } impl PaymentReferenceNumber { }