mod quoted_charge_charge ; use quoted_charge_charge :: * ; mod quoted_charge_item_price ; use quoted_charge_item_price :: * ; mod quoted_charge_item_tier ; use quoted_charge_item_tier :: * ; mod quoted_charge_coupon ; use quoted_charge_coupon :: * ; mod quoted_charge_discount ; use quoted_charge_discount :: * ; # [derive (Default , Debug , Clone , Serialize , Deserialize , Validate)] # [serde (rename_all = "snake_case")] pub struct QuotedCharge { # [validate] pub charges : Vec < QuotedChargeCharge > , # [validate] pub invoice_items : Vec < QuotedChargeItemPrice > , # [validate] pub item_tiers : Vec < QuotedChargeItemTier > , # [validate] pub coupons : Vec < QuotedChargeCoupon > , # [validate] pub discounts : Vec < QuotedChargeDiscount > } impl QuotedCharge { }