mod subscription_entitlement_component ; use subscription_entitlement_component :: * ; # [derive (Default , Debug , Clone , Serialize , Deserialize , Validate)] # [serde (rename_all = "snake_case")] pub struct SubscriptionEntitlement { # [validate (max_length = 50)] pub subscription_id : String , # [validate (max_length = 50)] pub feature_id : Option < String > , # [validate (max_length = 50)] pub feature_name : Option < String > , # [validate (max_length = 50)] pub feature_unit : Option < String > , # [validate (max_length = 50)] pub feature_type : Option < String > , # [validate (max_length = 50)] pub value : Option < String > , # [validate (max_length = 50)] pub name : Option < String > , pub is_overridden : bool , pub is_enabled : bool , pub expires_at : Option < u64 > , # [validate] pub components : Option < SubscriptionEntitlementComponent > } impl SubscriptionEntitlement { }