#[derive(Debug, Clone, Copy, PartialEq, Eq, Hash)]
pub enum MyDecimalEnum {
    VAR1,
    VAR2,
}
impl MyDecimalEnum {
    pub fn as_bigdecimal(&self) -> BigDecimal {
        match self {
            Self::VAR1 => BigDecimal::from_str("1.23").unwrap(),
            Self::VAR2 => BigDecimal::from_str("4.56").unwrap(),
        }
    }
}
impl From<MyDecimalEnum> for BigDecimal {
    fn from(val: MyDecimalEnum) -> Self {
        val.as_bigdecimal()
    }
}
